// Jest Snapshot v1, https://goo.gl/fbAQLP

exports[`AboutMe Component unit test has a valid snapshot 1`] = `
<div
  className="aboutme-grid"
  data-test="aboutme-div"
>
  <div
    className="container"
  >
    <div
      className="row"
    >
      <div
        className="col-sm-8 col-12"
        style={
          Object {
            "paddingBottom": "100px",
          }
        }
      >
        <h3>
          A few facts about myself
        </h3>
        <ul>
          <li>
            I love traveling. Especially with my family. We have explored several unforgetable places and hopefully many more will follow.
          </li>
          <li>
            I am a sports enthusiast, although, unfortunatelly, as a viewer. I love Tennis and Basketball the most, but during big events such as the Olympics or the World Cup, I watch everything there is.
          </li>
          <li>
            I love food. Both making and eating. This is really a weakness of mine, and I'm paying for that with a horrible BMI rate.
          </li>
          <li>
            I love coffee - can't live without it. I usually drink 5-6 cups a day, with a mixture of cappucinno, black Turkish and my favorite - double espresso.
          </li>
          <li>
            I am a fan of TV shows, watching quite a few on Netflix and other platforms. Among the best I've watched are: 'Better Call Soul', 'Dark', 'Bron', 'Breaking Bad', 'Fargo', 'Narcos' and others
          </li>
        </ul>
      </div>
      <div
        className="col-sm-4 col-12"
      >
        <img
          className=""
          src="romi.jpeg"
          style={
            Object {
              "marginLeft": "50px",
              "maxHeight": "200px",
              "width": "auto",
            }
          }
        />
        <hr />
        <img
          className=""
          src="family.jpeg"
          style={
            Object {
              "marginLeft": "50px",
              "maxHeight": "200px",
              "width": "auto",
            }
          }
        />
        <hr />
      </div>
      <div
        className="col-sm-8 col-12"
      >
        <h3>
          My family
        </h3>
        <ul>
          <li>
            I am happily married to Yardena who I love very much. She is a school councelor and a pschycoterapist, and one of the smartest people I know. We are best friends for over a decade and a half, and she definitely is the most influencial person in my life.
          </li>
          <li>
            I am a father of Romi who is 7 now, and is my biggest love and pride in the world. She is a smart and beautiful girl, who likes to swim, play the piano and watch tv.
          </li>
          <li>
            We have a lovely little Yorkshire Terrier named Belle, who is a genuine part of our family, and who never spends a night outside of our bed.
          </li>
        </ul>
      </div>
      <div
        className="col-sm-4 col-12"
      >
        <img
          className=""
          src="kodon_solo.jpeg"
          style={
            Object {
              "marginLeft": "50px",
              "maxHeight": "200px",
              "width": "auto",
            }
          }
        />
        <hr />
        <img
          className=""
          src="romi_bw.jpeg"
          style={
            Object {
              "marginLeft": "50px",
              "maxHeight": "200px",
              "width": "auto",
            }
          }
        />
        <hr />
      </div>
      <h3>
        Me as a software engineer
      </h3>
      <div
        className="col-sm-8 col-12"
        style={
          Object {
            "paddingBottom": "100px",
          }
        }
      >
        <ul>
          <li>
            I made quite a few turn arounds during my proffessional career. First I was in love with image processing. Then with elecro-optics, specifically with optical design, but now I feel that I found what I was looking for all this time - software.
          </li>
          <li>
            Having the experience and a broader look of the makes me a better programmer. I guess that it's called maturity, and I found, that it is a required asset in our industry.
          </li>
          <li>
            I really am into good coding practices. I watched many lectures of SW world icons as 'Uncle Bob', Martin Fowler, Linus Torvalds, Guido Van-Rossum, Kevlin Henney, Raymond Hettinger and others. I also have read several books regarding this subject, amongs them 'Clean Code' by Bob Martin and 'Refactoring' by Martin Fowler.
          </li>
          <li>
            I understand that learning is not enough. In order to become profficient and comfortable with new and existing technologies, you have to practice, and practice a lot. The same as we expect our pilots, phisicians and repair-men to be experts, so must we. I found that except practicing and getting better all the time in our daily work, there are other great platforms like excersism.io, freeCodeCamp, Medium, youtube and others.
          </li>
          <li>
            One thing that I'm still postponing, hopefully not for long, is taking part in an open source code project. It should be really awesome, and I can't wait to get to it rather sooner than later.
          </li>
        </ul>
      </div>
      <div
        className="col-sm-4 col-12"
      >
        <img
          className=""
          src="romi_kodon.jpeg"
          style={
            Object {
              "marginLeft": "50px",
              "maxHeight": "200px",
              "width": "auto",
            }
          }
        />
        <hr />
        <img
          className=""
          src="romi_with_model.jpeg"
          style={
            Object {
              "marginLeft": "50px",
              "maxHeight": "200px",
              "width": "auto",
            }
          }
        />
        <hr />
      </div>
      <div
        className="col-sm-8 col-12"
        style={
          Object {
            "paddingBottom": "100px",
          }
        }
      >
        <h3>
          Recommended Books
        </h3>
        <p>
          Since we are already into speaking about programming, here are a few great books that I have read and can recommend.
        </p>
        <p>
          Disclosure 1: I'm not getting anything out of it.
        </p>
        <p>
          Disclosure 2: I didn't read all the content of all of these books. Sometimes I jump back and forth, depending of my current interests.
        </p>
        <ul>
          <li>
            <a
              href="https://roadtoreact.com/"
              rel="noopener noreferrer"
              target="_blank"
            >
              The road to learn React |
            </a>
            <a
              href="https://twitter.com/rwieruch"
              rel="noopener noreferrer"
              target="_blank"
            >
              | Robin Wieruch
            </a>
          </li>
          <li>
            <a
              href="https://martinfowler.com/books/refactoring.html"
              rel="noopener noreferrer"
              target="_blank"
            >
              Refactoring |
            </a>
            <a
              href="https://twitter.com/martinfowler"
              rel="noopener noreferrer"
              target="_blank"
            >
              | Martin Fowler
            </a>
          </li>
          <li>
            <a
              href="https://www.amazon.com/Clean-Code-Handbook-Software-Craftsmanship/dp/0132350882"
              rel="noopener noreferrer"
              target="_blank"
            >
              Clean Code |
            </a>
            <a
              href="https://twitter.com/unclebobmartin"
              rel="noopener noreferrer"
              target="_blank"
            >
              | Bob Martin (Uncle Bob)
            </a>
          </li>
          <li>
            <a
              href="https://effectivepython.com/"
              rel="noopener noreferrer"
              target="_blank"
            >
              Effective Python |
            </a>
            <a
              href="https://twitter.com/haxor"
              rel="noopener noreferrer"
              target="_blank"
            >
              | Brett Slatkin
            </a>
          </li>
          <li>
            <a
              href="http://effectivejs.com/"
              rel="noopener noreferrer"
              target="_blank"
            >
              Effective JavaScript |
            </a>
            <a
              href="https://twitter.com/littlecalculist"
              rel="noopener noreferrer"
              target="_blank"
            >
              | David Herman
            </a>
          </li>
        </ul>
      </div>
      <div
        className="col-sm-4 col-12"
      >
        <img
          className=""
          src="romi_an_belle.jpeg"
          style={
            Object {
              "marginLeft": "110px",
              "maxHeight": "200px",
              "width": "auto",
            }
          }
        />
        <hr />
        <img
          className=""
          src="belle.jpeg"
          style={
            Object {
              "marginLeft": "50px",
              "maxHeight": "200px",
              "width": "auto",
            }
          }
        />
        <hr />
      </div>
    </div>
  </div>
</div>
`;

exports[`Blog Component unit test has a valid snapshot 1`] = `
<div
  className="container"
  data-test="blog-page"
  style={
    Object {
      "marginBottom": "50px",
    }
  }
>
  <div
    className="row"
  >
    <form
      className=""
    >
      <div
        className="form-group"
      >
        <label
          className="form-label"
          htmlFor="formBasicEmail"
        >
          Search
        </label>
        <input
          className="form-control"
          id="formBasicEmail"
          onChange={[Function]}
          placeholder="Search..."
        />
        <small
          className="text-muted form-text"
        />
      </div>
    </form>
    <div
      className="blog-post card"
      data-test="blog-card"
    >
      <div
        className="card-header"
      >
        Python
      </div>
      <div
        className="card-body"
      >
        <div
          className="card-title h5"
        >
          Named Tuple
        </div>
        <p
          className="card-text card-text"
        >
          Named tuple is a very handy special python structure that creates tuples with keys. This blog will review this structure and will provide some 'getting started' examples
          <img
            className="blog-icon"
            src="http://getalltechnology.com/wp-content/uploads/2018/11/Python-Collections-OrderedDict-DefaultDict-And-Namedtuple.jpg"
          />
        </p>
          
        Oct 01, 2018
          
        python, namedtuple, collections
        <div>
          <a
            href="/portfolio-app/blog_1"
            onClick={[Function]}
            style={
              Object {
                "color": "blue",
              }
            }
          >
            Continue Reading &gt;&gt;
          </a>
        </div>
      </div>
    </div>
    <div
      className="blog-post card"
      data-test="blog-card"
    >
      <div
        className="card-header"
      >
        Python
      </div>
      <div
        className="card-body"
      >
        <div
          className="card-title h5"
        >
          First order functions and closures
        </div>
        <p
          className="card-text card-text"
        >
          First order functions and closures are required when we want to pass functions as variables. This blog will describe their functionality and show some basics examples
          <img
            className="blog-icon"
            src="https://lh5.googleusercontent.com/proxy/-MWenRhG3tEHIKl2IdfBoa21L0_8koZu0inUjPiyrKPoKoNBbfDALiKxe59jxddEmDB_OfYSMdcIsQjT=w1200-h630-n-k-no-nu"
          />
        </p>
          
        Dec 01, 2018
          
        Python, First order functions, closures
        <div>
          <a
            href="/portfolio-app/blog_2"
            onClick={[Function]}
            style={
              Object {
                "color": "blue",
              }
            }
          >
            Continue Reading &gt;&gt;
          </a>
        </div>
      </div>
    </div>
    <div
      className="blog-post card"
      data-test="blog-card"
    >
      <div
        className="card-header"
      >
        Python
      </div>
      <div
        className="card-body"
      >
        <div
          className="card-title h5"
        >
          Dunders
        </div>
        <p
          className="card-text card-text"
        >
          Dunders also known as special methods and double unders. These methods are extreemly useful for building compact and readable classes by using predefined capabilities provided by the language features
          <img
            className="blog-icon"
            src="https://www.python-course.eu/images/marvin_the_magician.png"
          />
        </p>
          
        Jan 01, 2019
          
        Python, Dunders, Special methods
        <div>
          <a
            href="/portfolio-app/blog_3"
            onClick={[Function]}
            style={
              Object {
                "color": "blue",
              }
            }
          >
            Continue Reading &gt;&gt;
          </a>
        </div>
      </div>
    </div>
    <div
      className="blog-post card"
      data-test="blog-card"
    >
      <div
        className="card-header"
      >
        Python
      </div>
      <div
        className="card-body"
      >
        <div
          className="card-title h5"
        >
          Constructing Classes
        </div>
        <p
          className="card-text card-text"
        >
          Constructing classes properly is one of the most basic and required actions in programming. In this blog we will review some pythonic concepts for classes constructions, and see how to make our classes better.
          <img
            className="blog-icon"
            src="http://lorenabarba.com/wp-content/uploads/2014/05/keep-calm-and-code-python_BW.png"
          />
        </p>
          
        Jan 08, 2019
          
        Python, Classes, Objects, Object Oriented
        <div>
          <a
            href="/portfolio-app/blog_4"
            onClick={[Function]}
            style={
              Object {
                "color": "blue",
              }
            }
          >
            Continue Reading &gt;&gt;
          </a>
        </div>
      </div>
    </div>
    <div
      className="blog-post card"
      data-test="blog-card"
    >
      <div
        className="card-header"
      >
        Python
      </div>
      <div
        className="card-body"
      >
        <div
          className="card-title h5"
        >
          Dependencies Management
        </div>
        <p
          className="card-text card-text"
        >
          Managing dependencies in Python is very important. It is required to have at least basic understanding of virtual environment, pip and activation. This blog will briefly review all these concepts and more.
          <img
            className="blog-icon"
            src="https://raw.githubusercontent.com/revesansparole/pkglts/master/avatar.png"
          />
        </p>
          
        Jan 15, 2019
          
        Python, Virtual Environment, pip, Dependencies
        <div>
          <a
            href="/portfolio-app/blog_5"
            onClick={[Function]}
            style={
              Object {
                "color": "blue",
              }
            }
          >
            Continue Reading &gt;&gt;
          </a>
        </div>
      </div>
    </div>
    <div
      className="blog-post card"
      data-test="blog-card"
    >
      <div
        className="card-header"
      >
        Python
      </div>
      <div
        className="card-body"
      >
        <div
          className="card-title h5"
        >
          Decorators
        </div>
        <p
          className="card-text card-text"
        >
          Constructing classes properly is one of the most basic and required actions in programming. In this blog we will review some pythonic concepts for classes constructions, and see how to make our classes better.
          <img
            className="blog-icon"
            src="https://cdn-images-1.medium.com/max/800/1*Np2xWAiiQmq9LfwOquDOuQ.png"
          />
        </p>
          
        Jan 23, 2019
          
        Python, Decorators
        <div>
          <a
            href="/portfolio-app/blog_6"
            onClick={[Function]}
            style={
              Object {
                "color": "blue",
              }
            }
          >
            Continue Reading &gt;&gt;
          </a>
        </div>
      </div>
    </div>
    <div
      className="blog-post card"
      data-test="blog-card"
    >
      <div
        className="card-header"
      >
        Python
      </div>
      <div
        className="card-body"
      >
        <div
          className="card-title h5"
        >
          Enhance your functions
        </div>
        <p
          className="card-text card-text"
        >
          Functions are the most basic and important component in our programs. There are many interesting features and capabilities provided in Python, to make our functions better and less prone to errors. We will review some of these features in this blog, and some next week.
          <img
            className="blog-icon"
            src="https://pics.me.me/def-foo-args-def-foo-kwargs-fargs-args-kwargs-38635911.png"
          />
        </p>
          
        Jan 30, 2019
          
        Python, Functions
        <div>
          <a
            href="/portfolio-app/blog_7"
            onClick={[Function]}
            style={
              Object {
                "color": "blue",
              }
            }
          >
            Continue Reading &gt;&gt;
          </a>
        </div>
      </div>
    </div>
    <div
      className="blog-post card"
      data-test="blog-card"
    >
      <div
        className="card-header"
      >
        Python
      </div>
      <div
        className="card-body"
      >
        <div
          className="card-title h5"
        >
          Generators and iterators
        </div>
        <p
          className="card-text card-text"
        >
          Iterators and generators are widely used in many advanced features related to functions. This blog will discusss these concepts in details.
          <img
            className="blog-icon"
            src="https://encrypted-tbn0.gstatic.com/images?q=tbn:ANd9GcTMRpo2AzL0ceOhfeqUzEBqYeyMBreU5oD6ELRsw9MmHarNGmjJ"
          />
        </p>
          
        Feb 7, 2019
          
        Python, Generators, Iterators, Lists, Yield
        <div>
          <a
            href="/portfolio-app/blog_8"
            onClick={[Function]}
            style={
              Object {
                "color": "blue",
              }
            }
          >
            Continue Reading &gt;&gt;
          </a>
        </div>
      </div>
    </div>
  </div>
</div>
`;

exports[`Landing page Component unit test has a valid snapshot 1`] = `
<div
  className="landing-page container"
  data-test="landing-page"
>
  <div
    className="show-grid text-center row"
  >
    <div
      className="person-wrapper col-sm-12 col-12"
    >
      <img
        className="profile-pic rounded-circle"
        src="me_young.jpeg"
      />
      <h2
        className="me"
      >
        Evgeny Lahav
      </h2>
      <h4>
        Software engineer, practicing with Python, JavaScript and React
      </h4>
      <p>
        This page was created as part of the 
        <a
          href="https://www.100daysofcode.com/"
          rel="noopener noreferrer"
          target="_blank"
        >
          100 Days of Code
        </a>
         initiative. It took me the first 30 days of the commitment, to create the first beta version of the site.
      </p>
      <p>
        Since already created it, I thought it would be a good idea to have a blog section as well, which I'm planning to maintain and add new content from time to time.
      </p>
      <hr />
      <h4>
        Check out my 
        <a
          href="/portfolio-app/resume"
          onClick={[Function]}
        >
          resume
        </a>
        ,
        <a
          href="/portfolio-app/aboutme"
          onClick={[Function]}
        >
           about me
        </a>
         and my
        <a
          href="/portfolio-app/blog"
          onClick={[Function]}
        >
           blog
        </a>
         and be in touch
      </h4>
    </div>
  </div>
</div>
`;

exports[`Resume Component unit test has a valid snapshot 1`] = `
<div
  data-test="resume-page"
>
  <div
    className="resume-container container"
  >
    <div
      className="row"
    >
      <div
        className="col-sm-4 col-12"
      >
        <div
          style={
            Object {
              "textAlign": "center",
            }
          }
        >
          <img
            className="resume-profile-pic rounded-circle"
            src="Image-1.png"
          />
        </div>
        <h3
          style={
            Object {
              "textAlign": "center",
            }
          }
        >
          Evgeny Lahav
        </h3>
        <h4
          style={
            Object {
              "color": "grey",
              "textAlign": "center",
            }
          }
        >
          Software Engineer
        </h4>
        <hr />
        <p
          style={
            Object {
              "paddingTop": "5px",
            }
          }
        >
          An experienced and enthuziastic SW engineer, specializing in Python, JavaScript and React
        </p>
        <hr />
        <h5>
          email
        </h5>
        <p>
          evgeny.lahav@gmail.com
        </p>
        <h5>
          mobile
        </h5>
        <p>
          +972-(0)5444-86872
        </p>
        <h5>
          website
        </h5>
        <p>
          <a
            href="https://evgenylahav.github.io/portfolio-app/"
          >
            https://evgenylahav.github.io/portfolio-app/
          </a>
        </p>
        <hr />
        <h3>
          Skills
        </h3>
        <div
          className="container"
          data-test="skills-container"
        >
          <div
            className="col-sm-8 col-12"
          >
            <div
              style={
                Object {
                  "display": "flex",
                }
              }
            >
              Python
            </div>
          </div>
          <div
            className="col-sm-12 col-12"
          >
            <div>
              <div
                className="progress"
                style={
                  Object {
                    "color": "green",
                    "marginBottom": "20px",
                  }
                }
              >
                <div
                  aria-valuemax={100}
                  aria-valuemin={0}
                  aria-valuenow={70}
                  className="progress-bar"
                  role="progressbar"
                  style={
                    Object {
                      "width": "70%",
                    }
                  }
                />
              </div>
            </div>
          </div>
        </div>
        <div
          className="container"
          data-test="skills-container"
        >
          <div
            className="col-sm-8 col-12"
          >
            <div
              style={
                Object {
                  "display": "flex",
                }
              }
            >
              JavaScript
            </div>
          </div>
          <div
            className="col-sm-12 col-12"
          >
            <div>
              <div
                className="progress"
                style={
                  Object {
                    "color": "green",
                    "marginBottom": "20px",
                  }
                }
              >
                <div
                  aria-valuemax={100}
                  aria-valuemin={0}
                  aria-valuenow={55}
                  className="progress-bar"
                  role="progressbar"
                  style={
                    Object {
                      "width": "55%",
                    }
                  }
                />
              </div>
            </div>
          </div>
        </div>
        <div
          className="container"
          data-test="skills-container"
        >
          <div
            className="col-sm-8 col-12"
          >
            <div
              style={
                Object {
                  "display": "flex",
                }
              }
            >
              React
            </div>
          </div>
          <div
            className="col-sm-12 col-12"
          >
            <div>
              <div
                className="progress"
                style={
                  Object {
                    "color": "green",
                    "marginBottom": "20px",
                  }
                }
              >
                <div
                  aria-valuemax={100}
                  aria-valuemin={0}
                  aria-valuenow={65}
                  className="progress-bar"
                  role="progressbar"
                  style={
                    Object {
                      "width": "65%",
                    }
                  }
                />
              </div>
            </div>
          </div>
        </div>
        <div
          className="container"
          data-test="skills-container"
        >
          <div
            className="col-sm-8 col-12"
          >
            <div
              style={
                Object {
                  "display": "flex",
                }
              }
            >
              Scientific Programming
            </div>
          </div>
          <div
            className="col-sm-12 col-12"
          >
            <div>
              <div
                className="progress"
                style={
                  Object {
                    "color": "green",
                    "marginBottom": "20px",
                  }
                }
              >
                <div
                  aria-valuemax={100}
                  aria-valuemin={0}
                  aria-valuenow={85}
                  className="progress-bar"
                  role="progressbar"
                  style={
                    Object {
                      "width": "85%",
                    }
                  }
                />
              </div>
            </div>
          </div>
        </div>
        <div
          className="container"
          data-test="skills-container"
        >
          <div
            className="col-sm-8 col-12"
          >
            <div
              style={
                Object {
                  "display": "flex",
                }
              }
            >
              SW Design and Architecture
            </div>
          </div>
          <div
            className="col-sm-12 col-12"
          >
            <div>
              <div
                className="progress"
                style={
                  Object {
                    "color": "green",
                    "marginBottom": "20px",
                  }
                }
              >
                <div
                  aria-valuemax={100}
                  aria-valuemin={0}
                  aria-valuenow={60}
                  className="progress-bar"
                  role="progressbar"
                  style={
                    Object {
                      "width": "60%",
                    }
                  }
                />
              </div>
            </div>
          </div>
        </div>
        <div
          className="container"
          data-test="skills-container"
        >
          <div
            className="col-sm-8 col-12"
          >
            <div
              style={
                Object {
                  "display": "flex",
                }
              }
            >
              Clean Code
            </div>
          </div>
          <div
            className="col-sm-12 col-12"
          >
            <div>
              <div
                className="progress"
                style={
                  Object {
                    "color": "green",
                    "marginBottom": "20px",
                  }
                }
              >
                <div
                  aria-valuemax={100}
                  aria-valuemin={0}
                  aria-valuenow={80}
                  className="progress-bar"
                  role="progressbar"
                  style={
                    Object {
                      "width": "80%",
                    }
                  }
                />
              </div>
            </div>
          </div>
        </div>
        <hr />
        <h3>
          Side Projects
        </h3>
        <ul>
          <li>
            <a
              href="/portfolio-app"
              rel="noopener noreferrer"
              target="_blank"
            >
              Personal portfolio website
            </a>
          </li>
          <li>
            <a
              href="https://exercism.io/"
              rel="noopener noreferrer"
              target="_blank"
            >
              Excersicm: Python, JavaScript
            </a>
          </li>
          <li>
            <a
              href="https://www.100daysofcode.com/"
              rel="noopener noreferrer"
              target="_blank"
            >
              100 Days Of Code
            </a>
          </li>
          <li>
            <a
              href="https://murmuring-brook-49304.herokuapp.com/"
              rel="noopener noreferrer"
              target="_blank"
            >
              The road to learn react project
            </a>
          </li>
        </ul>
      </div>
      <div
        className="verticalLine col-sm-1"
      />
      <div
        className="col-sm-7 col-12"
      >
        <h3>
          Experience
        </h3>
        <div
          className="container"
          data-test="resume-line-container"
        >
          <div
            className="row"
          >
            <div
              className="col-sm-3 col-12"
            >
              <p
                style={
                  Object {
                    "fontSize": "18px",
                    "paddingTop": "5px",
                  }
                }
              >
                2016
                 - 
                current
              </p>
            </div>
            <div
              className="col-sm-9 col-12"
            >
              <img
                className="resume-place-name-image img-thumbnail"
                src="amat.jpg"
              />
              <h4
                style={
                  Object {
                    "marginTop": "0px",
                  }
                }
              >
                Applied Materials
              </h4>
              <h6
                style={
                  Object {
                    "fontWeight": "bold",
                  }
                }
              >
                Senior Software engineer
              </h6>
              <ul>
                 
                <li>
                  Senior Software engineer in the system SW group. The group is responsible for providing quick 
                                               and quality solutions to support the calibration process of the tools.
                </li>
                <li>
                  My responsibility was leading the transformation of the group technology from development
                                               in scientific programming languages, to modern full-stack development with front-end in React js and
                                               back-end in Java and Python
                </li>
                <li>
                  Leading training and educational activities for the group by writing a weekly blog, preparing workshops and trainings of different sorts
                </li>
                <li>
                  Documentation and implementation of the SW development concepts as defined by the SW architecture group:
                                               CI pipeline, Git components, Modular project structures, etc...
                </li>
                 
              </ul>
            </div>
          </div>
        </div>
        <div
          className="container"
          data-test="resume-line-container"
        >
          <div
            className="row"
          >
            <div
              className="col-sm-3 col-12"
            >
              <p
                style={
                  Object {
                    "fontSize": "18px",
                    "paddingTop": "5px",
                  }
                }
              >
                2013
                 - 
                2016
              </p>
            </div>
            <div
              className="col-sm-9 col-12"
            >
              <img
                className="resume-place-name-image img-thumbnail"
                src="amat.jpg"
              />
              <h4
                style={
                  Object {
                    "marginTop": "0px",
                  }
                }
              >
                Applied Materials
              </h4>
              <h6
                style={
                  Object {
                    "fontWeight": "bold",
                  }
                }
              >
                Software engineer
              </h6>
              <ul>
                 
                <li>
                  Software engineer in the apps and protptypes team
                </li>
                <li>
                  Responsible for developing applicationsand calibrations for the Algorithms, System and Applications groups
                </li>
                <li>
                  The development was done with scientific programming tools and concepts - mainly with Python and Matlab
                </li>
                 
              </ul>
            </div>
          </div>
        </div>
        <div
          className="container"
          data-test="resume-line-container"
        >
          <div
            className="row"
          >
            <div
              className="col-sm-3 col-12"
            >
              <p
                style={
                  Object {
                    "fontSize": "18px",
                    "paddingTop": "5px",
                  }
                }
              >
                2007
                 - 
                2013
              </p>
            </div>
            <div
              className="col-sm-9 col-12"
            >
              <img
                className="resume-place-name-image img-thumbnail"
                src="amat.jpg"
              />
              <h4
                style={
                  Object {
                    "marginTop": "0px",
                  }
                }
              >
                Applied Materials
              </h4>
              <h6
                style={
                  Object {
                    "fontWeight": "bold",
                  }
                }
              >
                System engineer
              </h6>
              <ul>
                 
                <li>
                  Responsible for the development side of a highly sophisticated multi-disciplinary tool
                </li>
                <li>
                  Defining and executing C&Fs and feasibility tests
                </li>
                <li>
                  Defining SW requirements specifications
                </li>
                <li>
                  Developing analytic tools for data analysis and tool calibration
                </li>
                 
              </ul>
            </div>
          </div>
        </div>
        <div
          className="container"
          data-test="resume-line-container"
        >
          <div
            className="row"
          >
            <div
              className="col-sm-3 col-12"
            >
              <p
                style={
                  Object {
                    "fontSize": "18px",
                    "paddingTop": "5px",
                  }
                }
              >
                2006
                 - 
                2007
              </p>
            </div>
            <div
              className="col-sm-9 col-12"
            >
              <img
                className="resume-place-name-image img-thumbnail"
                src="amat.jpg"
              />
              <h4
                style={
                  Object {
                    "marginTop": "0px",
                  }
                }
              >
                Applied Materials
              </h4>
              <h6
                style={
                  Object {
                    "fontWeight": "bold",
                  }
                }
              >
                Software QA engineer
              </h6>
              <ul>
                 
                <li>
                  Execution of manual SW qualification
                </li>
                <li>
                  Leading a team of 5 testers
                </li>
                 
              </ul>
            </div>
          </div>
        </div>
        <hr />
        <h3>
          Education
        </h3>
        <div
          className="container"
          data-test="resume-line-container"
        >
          <div
            className="row"
          >
            <div
              className="col-sm-3 col-12"
            >
              <p
                style={
                  Object {
                    "fontSize": "18px",
                    "paddingTop": "5px",
                  }
                }
              >
                2014
                 - 
                2018
              </p>
            </div>
            <div
              className="col-sm-9 col-12"
            >
              <img
                className="resume-place-name-image img-thumbnail"
                src="bgu.png"
              />
              <h4
                style={
                  Object {
                    "marginTop": "0px",
                  }
                }
              >
                Ben-Gurion University
              </h4>
              <h6
                style={
                  Object {
                    "fontWeight": "bold",
                  }
                }
              >
                M.Sc in Electro-optical engineering
              </h6>
              <ul>
                 
                <li>
                  Grades average of 90
                </li>
                <li>
                  Specialization - optical computing
                </li>
                <li>
                  Thesis subject - new optical encryption system based on encryption of information of the Fourier magnitude
                                               creating a non-linear and safe encryption system, which is simple for implementation and hard for hacking
                </li>
                 
              </ul>
            </div>
          </div>
        </div>
        <div
          className="container"
          data-test="resume-line-container"
        >
          <div
            className="row"
          >
            <div
              className="col-sm-3 col-12"
            >
              <p
                style={
                  Object {
                    "fontSize": "18px",
                    "paddingTop": "5px",
                  }
                }
              >
                2001
                 - 
                2005
              </p>
            </div>
            <div
              className="col-sm-9 col-12"
            >
              <img
                className="resume-place-name-image img-thumbnail"
                src="bgu.png"
              />
              <h4
                style={
                  Object {
                    "marginTop": "0px",
                  }
                }
              >
                Ben-Gurion University
              </h4>
              <h6
                style={
                  Object {
                    "fontWeight": "bold",
                  }
                }
              >
                B.Sc in Bio-Medical Engineering
              </h6>
              <ul>
                 
                <li>
                  Grades average of 85
                </li>
                <li>
                  Specialization - electronics and image processing
                </li>
                 
              </ul>
            </div>
          </div>
        </div>
        <hr />
      </div>
    </div>
  </div>
</div>
`;
